INFO:     Started server process [29704]
INFO:     Waiting for application startup.
INFO:separate:Loading Demucs htdemucs on cuda (torch=2.6.0+cu124) …
INFO:separate:CUDA device: NVIDIA RTX 2000 Ada Generation Laptop GPU
'(MaxRetryError("HTTPSConnectionPool(host='huggingface.co', port=443): Max retries exceeded with url: /adefossez/HTDemucs/resolve/main/htdemucs.yaml (Caused by ConnectTimeoutError(<HTTPSConnection(host='huggingface.co', port=443) at 0x25bda2832e0>, 'Connection to huggingface.co timed out. (connect timeout=10)'))"), '(Request ID: b8d7f4b1-c7cb-4607-8ecb-0b2d2facd4d3)')' thrown while requesting HEAD https://huggingface.co/adefossez/HTDemucs/resolve/main/htdemucs.yaml
WARNING:huggingface_hub.utils._http:'(MaxRetryError("HTTPSConnectionPool(host='huggingface.co', port=443): Max retries exceeded with url: /adefossez/HTDemucs/resolve/main/htdemucs.yaml (Caused by ConnectTimeoutError(<HTTPSConnection(host='huggingface.co', port=443) at 0x25bda2832e0>, 'Connection to huggingface.co timed out. (connect timeout=10)'))"), '(Request ID: b8d7f4b1-c7cb-4607-8ecb-0b2d2facd4d3)')' thrown while requesting HEAD https://huggingface.co/adefossez/HTDemucs/resolve/main/htdemucs.yaml
Retrying in 1s [Retry 1/5].
WARNING:huggingface_hub.utils._http:Retrying in 1s [Retry 1/5].
'(MaxRetryError("HTTPSConnectionPool(host='huggingface.co', port=443): Max retries exceeded with url: /adefossez/HTDemucs/resolve/main/htdemucs.yaml (Caused by ConnectTimeoutError(<HTTPSConnection(host='huggingface.co', port=443) at 0x25bda2bc310>, 'Connection to huggingface.co timed out. (connect timeout=10)'))"), '(Request ID: cb323055-770d-4f90-91a2-796c0db24fa6)')' thrown while requesting HEAD https://huggingface.co/adefossez/HTDemucs/resolve/main/htdemucs.yaml
WARNING:huggingface_hub.utils._http:'(MaxRetryError("HTTPSConnectionPool(host='huggingface.co', port=443): Max retries exceeded with url: /adefossez/HTDemucs/resolve/main/htdemucs.yaml (Caused by ConnectTimeoutError(<HTTPSConnection(host='huggingface.co', port=443) at 0x25bda2bc310>, 'Connection to huggingface.co timed out. (connect timeout=10)'))"), '(Request ID: cb323055-770d-4f90-91a2-796c0db24fa6)')' thrown while requesting HEAD https://huggingface.co/adefossez/HTDemucs/resolve/main/htdemucs.yaml
Retrying in 2s [Retry 2/5].
WARNING:huggingface_hub.utils._http:Retrying in 2s [Retry 2/5].
'(MaxRetryError("HTTPSConnectionPool(host='huggingface.co', port=443): Max retries exceeded with url: /adefossez/HTDemucs/resolve/main/htdemucs.yaml (Caused by ConnectTimeoutError(<HTTPSConnection(host='huggingface.co', port=443) at 0x25bda2bc610>, 'Connection to huggingface.co timed out. (connect timeout=10)'))"), '(Request ID: 1f09ea4b-c23f-4d60-8eef-2e8f6b18dc8b)')' thrown while requesting HEAD https://huggingface.co/adefossez/HTDemucs/resolve/main/htdemucs.yaml
WARNING:huggingface_hub.utils._http:'(MaxRetryError("HTTPSConnectionPool(host='huggingface.co', port=443): Max retries exceeded with url: /adefossez/HTDemucs/resolve/main/htdemucs.yaml (Caused by ConnectTimeoutError(<HTTPSConnection(host='huggingface.co', port=443) at 0x25bda2bc610>, 'Connection to huggingface.co timed out. (connect timeout=10)'))"), '(Request ID: 1f09ea4b-c23f-4d60-8eef-2e8f6b18dc8b)')' thrown while requesting HEAD https://huggingface.co/adefossez/HTDemucs/resolve/main/htdemucs.yaml
Retrying in 4s [Retry 3/5].
WARNING:huggingface_hub.utils._http:Retrying in 4s [Retry 3/5].
'(MaxRetryError("HTTPSConnectionPool(host='huggingface.co', port=443): Max retries exceeded with url: /adefossez/HTDemucs/resolve/main/htdemucs.yaml (Caused by ConnectTimeoutError(<HTTPSConnection(host='huggingface.co', port=443) at 0x25bda281420>, 'Connection to huggingface.co timed out. (connect timeout=10)'))"), '(Request ID: 14b25796-9476-4430-bf90-2c191d662d08)')' thrown while requesting HEAD https://huggingface.co/adefossez/HTDemucs/resolve/main/htdemucs.yaml
WARNING:huggingface_hub.utils._http:'(MaxRetryError("HTTPSConnectionPool(host='huggingface.co', port=443): Max retries exceeded with url: /adefossez/HTDemucs/resolve/main/htdemucs.yaml (Caused by ConnectTimeoutError(<HTTPSConnection(host='huggingface.co', port=443) at 0x25bda281420>, 'Connection to huggingface.co timed out. (connect timeout=10)'))"), '(Request ID: 14b25796-9476-4430-bf90-2c191d662d08)')' thrown while requesting HEAD https://huggingface.co/adefossez/HTDemucs/resolve/main/htdemucs.yaml
Retrying in 8s [Retry 4/5].
WARNING:huggingface_hub.utils._http:Retrying in 8s [Retry 4/5].
'(MaxRetryError("HTTPSConnectionPool(host='huggingface.co', port=443): Max retries exceeded with url: /adefossez/HTDemucs/resolve/main/htdemucs.yaml (Caused by ConnectTimeoutError(<HTTPSConnection(host='huggingface.co', port=443) at 0x25bda2bc5e0>, 'Connection to huggingface.co timed out. (connect timeout=10)'))"), '(Request ID: 628275c6-f5be-48b5-887f-b0f40b86a517)')' thrown while requesting HEAD https://huggingface.co/adefossez/HTDemucs/resolve/main/htdemucs.yaml
WARNING:huggingface_hub.utils._http:'(MaxRetryError("HTTPSConnectionPool(host='huggingface.co', port=443): Max retries exceeded with url: /adefossez/HTDemucs/resolve/main/htdemucs.yaml (Caused by ConnectTimeoutError(<HTTPSConnection(host='huggingface.co', port=443) at 0x25bda2bc5e0>, 'Connection to huggingface.co timed out. (connect timeout=10)'))"), '(Request ID: 628275c6-f5be-48b5-887f-b0f40b86a517)')' thrown while requesting HEAD https://huggingface.co/adefossez/HTDemucs/resolve/main/htdemucs.yaml
Retrying in 8s [Retry 5/5].
WARNING:huggingface_hub.utils._http:Retrying in 8s [Retry 5/5].
'(MaxRetryError("HTTPSConnectionPool(host='huggingface.co', port=443): Max retries exceeded with url: /adefossez/HTDemucs/resolve/main/htdemucs.yaml (Caused by ConnectTimeoutError(<HTTPSConnection(host='huggingface.co', port=443) at 0x25bda2bc2e0>, 'Connection to huggingface.co timed out. (connect timeout=10)'))"), '(Request ID: 6639d329-d0fb-49b0-823d-1020486023fc)')' thrown while requesting HEAD https://huggingface.co/adefossez/HTDemucs/resolve/main/htdemucs.yaml
WARNING:huggingface_hub.utils._http:'(MaxRetryError("HTTPSConnectionPool(host='huggingface.co', port=443): Max retries exceeded with url: /adefossez/HTDemucs/resolve/main/htdemucs.yaml (Caused by ConnectTimeoutError(<HTTPSConnection(host='huggingface.co', port=443) at 0x25bda2bc2e0>, 'Connection to huggingface.co timed out. (connect timeout=10)'))"), '(Request ID: 6639d329-d0fb-49b0-823d-1020486023fc)')' thrown while requesting HEAD https://huggingface.co/adefossez/HTDemucs/resolve/main/htdemucs.yaml
'(MaxRetryError("HTTPSConnectionPool(host='huggingface.co', port=443): Max retries exceeded with url: /adefossez/HTDemucs/resolve/main/955717e8.safetensors (Caused by ConnectTimeoutError(<HTTPSConnection(host='huggingface.co', port=443) at 0x25bda2bd090>, 'Connection to huggingface.co timed out. (connect timeout=10)'))"), '(Request ID: c6817e24-60d6-4cda-871f-02f590e600dd)')' thrown while requesting HEAD https://huggingface.co/adefossez/HTDemucs/resolve/main/955717e8.safetensors
WARNING:huggingface_hub.utils._http:'(MaxRetryError("HTTPSConnectionPool(host='huggingface.co', port=443): Max retries exceeded with url: /adefossez/HTDemucs/resolve/main/955717e8.safetensors (Caused by ConnectTimeoutError(<HTTPSConnection(host='huggingface.co', port=443) at 0x25bda2bd090>, 'Connection to huggingface.co timed out. (connect timeout=10)'))"), '(Request ID: c6817e24-60d6-4cda-871f-02f590e600dd)')' thrown while requesting HEAD https://huggingface.co/adefossez/HTDemucs/resolve/main/955717e8.safetensors
Retrying in 1s [Retry 1/5].
WARNING:huggingface_hub.utils._http:Retrying in 1s [Retry 1/5].
'(MaxRetryError("HTTPSConnectionPool(host='huggingface.co', port=443): Max retries exceeded with url: /adefossez/HTDemucs/resolve/main/955717e8.safetensors (Caused by ConnectTimeoutError(<HTTPSConnection(host='huggingface.co', port=443) at 0x25bda2bd450>, 'Connection to huggingface.co timed out. (connect timeout=10)'))"), '(Request ID: ab212911-25fa-4a94-973f-84e6f48265d9)')' thrown while requesting HEAD https://huggingface.co/adefossez/HTDemucs/resolve/main/955717e8.safetensors
WARNING:huggingface_hub.utils._http:'(MaxRetryError("HTTPSConnectionPool(host='huggingface.co', port=443): Max retries exceeded with url: /adefossez/HTDemucs/resolve/main/955717e8.safetensors (Caused by ConnectTimeoutError(<HTTPSConnection(host='huggingface.co', port=443) at 0x25bda2bd450>, 'Connection to huggingface.co timed out. (connect timeout=10)'))"), '(Request ID: ab212911-25fa-4a94-973f-84e6f48265d9)')' thrown while requesting HEAD https://huggingface.co/adefossez/HTDemucs/resolve/main/955717e8.safetensors
Retrying in 2s [Retry 2/5].
WARNING:huggingface_hub.utils._http:Retrying in 2s [Retry 2/5].
'(MaxRetryError("HTTPSConnectionPool(host='huggingface.co', port=443): Max retries exceeded with url: /adefossez/HTDemucs/resolve/main/955717e8.safetensors (Caused by ConnectTimeoutError(<HTTPSConnection(host='huggingface.co', port=443) at 0x25bda2bd780>, 'Connection to huggingface.co timed out. (connect timeout=10)'))"), '(Request ID: cad8d2b9-0d44-429f-870a-f4c53fbe741f)')' thrown while requesting HEAD https://huggingface.co/adefossez/HTDemucs/resolve/main/955717e8.safetensors
WARNING:huggingface_hub.utils._http:'(MaxRetryError("HTTPSConnectionPool(host='huggingface.co', port=443): Max retries exceeded with url: /adefossez/HTDemucs/resolve/main/955717e8.safetensors (Caused by ConnectTimeoutError(<HTTPSConnection(host='huggingface.co', port=443) at 0x25bda2bd780>, 'Connection to huggingface.co timed out. (connect timeout=10)'))"), '(Request ID: cad8d2b9-0d44-429f-870a-f4c53fbe741f)')' thrown while requesting HEAD https://huggingface.co/adefossez/HTDemucs/resolve/main/955717e8.safetensors
Retrying in 4s [Retry 3/5].
WARNING:huggingface_hub.utils._http:Retrying in 4s [Retry 3/5].
'(MaxRetryError("HTTPSConnectionPool(host='huggingface.co', port=443): Max retries exceeded with url: /adefossez/HTDemucs/resolve/main/955717e8.safetensors (Caused by ConnectTimeoutError(<HTTPSConnection(host='huggingface.co', port=443) at 0x25bda2bdab0>, 'Connection to huggingface.co timed out. (connect timeout=10)'))"), '(Request ID: 46f129a4-ded1-4018-8e42-5036ca3a0857)')' thrown while requesting HEAD https://huggingface.co/adefossez/HTDemucs/resolve/main/955717e8.safetensors
WARNING:huggingface_hub.utils._http:'(MaxRetryError("HTTPSConnectionPool(host='huggingface.co', port=443): Max retries exceeded with url: /adefossez/HTDemucs/resolve/main/955717e8.safetensors (Caused by ConnectTimeoutError(<HTTPSConnection(host='huggingface.co', port=443) at 0x25bda2bdab0>, 'Connection to huggingface.co timed out. (connect timeout=10)'))"), '(Request ID: 46f129a4-ded1-4018-8e42-5036ca3a0857)')' thrown while requesting HEAD https://huggingface.co/adefossez/HTDemucs/resolve/main/955717e8.safetensors
Retrying in 8s [Retry 4/5].
WARNING:huggingface_hub.utils._http:Retrying in 8s [Retry 4/5].
'(MaxRetryError("HTTPSConnectionPool(host='huggingface.co', port=443): Max retries exceeded with url: /adefossez/HTDemucs/resolve/main/955717e8.safetensors (Caused by ConnectTimeoutError(<HTTPSConnection(host='huggingface.co', port=443) at 0x25bda2bdde0>, 'Connection to huggingface.co timed out. (connect timeout=10)'))"), '(Request ID: 95f753e3-8ccf-4be6-bae4-89eff8e72239)')' thrown while requesting HEAD https://huggingface.co/adefossez/HTDemucs/resolve/main/955717e8.safetensors
WARNING:huggingface_hub.utils._http:'(MaxRetryError("HTTPSConnectionPool(host='huggingface.co', port=443): Max retries exceeded with url: /adefossez/HTDemucs/resolve/main/955717e8.safetensors (Caused by ConnectTimeoutError(<HTTPSConnection(host='huggingface.co', port=443) at 0x25bda2bdde0>, 'Connection to huggingface.co timed out. (connect timeout=10)'))"), '(Request ID: 95f753e3-8ccf-4be6-bae4-89eff8e72239)')' thrown while requesting HEAD https://huggingface.co/adefossez/HTDemucs/resolve/main/955717e8.safetensors
Retrying in 8s [Retry 5/5].
WARNING:huggingface_hub.utils._http:Retrying in 8s [Retry 5/5].
'(MaxRetryError("HTTPSConnectionPool(host='huggingface.co', port=443): Max retries exceeded with url: /adefossez/HTDemucs/resolve/main/955717e8.safetensors (Caused by ConnectTimeoutError(<HTTPSConnection(host='huggingface.co', port=443) at 0x25bda1be3b0>, 'Connection to huggingface.co timed out. (connect timeout=10)'))"), '(Request ID: 7c3cc506-fc49-49ff-bc20-776772421b9a)')' thrown while requesting HEAD https://huggingface.co/adefossez/HTDemucs/resolve/main/955717e8.safetensors
WARNING:huggingface_hub.utils._http:'(MaxRetryError("HTTPSConnectionPool(host='huggingface.co', port=443): Max retries exceeded with url: /adefossez/HTDemucs/resolve/main/955717e8.safetensors (Caused by ConnectTimeoutError(<HTTPSConnection(host='huggingface.co', port=443) at 0x25bda1be3b0>, 'Connection to huggingface.co timed out. (connect timeout=10)'))"), '(Request ID: 7c3cc506-fc49-49ff-bc20-776772421b9a)')' thrown while requesting HEAD https://huggingface.co/adefossez/HTDemucs/resolve/main/955717e8.safetensors
INFO:separate:Demucs ready on cuda
INFO:     Application startup complete.
INFO:     Uvicorn running on http://127.0.0.1:7863 (Press CTRL+C to quit)
